// Jest Snapshot v1, https://goo.gl/fbAQLP

exports[`SUi test <TodoListItem/> should be render correctly 1`] = `
<li
  className="list-group-item"
  key="[object Object]"
>
  <p
    className="false"
    onClick={[Function]}
  >
    1
     
    Aprender React
  </p>
  <button
    className="btn btn-danger"
    onClick={[Function]}
  >
    Borrar
  </button>
</li>
`;
