// Jest Snapshot v1, https://goo.gl/fbAQLP

exports[`Sui Test <TodoApp/> should be render correctly 1`] = `
<div>
  <h1>
    TodoApp ( 
    0
     )
  </h1>
  <div
    className="row"
  >
    <div
      className="col-7"
    >
      todos
      <TodoList
        deleteTask={[Function]}
        handleToggle={[Function]}
        todos={Array []}
      />
    </div>
    <div
      className="col-5"
    >
      <TodoAdd
        handelAddTodo={[Function]}
      />
    </div>
  </div>
</div>
`;
