// Jest Snapshot v1, https://goo.gl/fbAQLP

exports[`Sui Test HookApp Should be defiend 1`] = `
<div>
  <h1>
    Hola Mundo
  </h1>
</div>
`;
