// Jest Snapshot v1, https://goo.gl/fbAQLP

exports[`Sui test multiplecustom hooks should be render correctly 1`] = `
<div>
  <h1>
    BreakingBad Quotes
  </h1>
  <hr />
  <div
    className="alert alert-info text-center"
  >
    Loading...
  </div>
  <button
    className="btn btn-primary"
  >
    Siguiente quote
  </button>
</div>
`;
